<?xml version="1.0" encoding="utf-8"?><testsuites name="pytest tests"><testsuite name="pytest" errors="0" failures="0" skipped="0" tests="5" time="0.204" timestamp="2025-10-11T22:03:15.597741+03:00" hostname="DESKTOP-AS0RB5Q"><testcase classname="tests.test_divide" name="test_divide_basic" time="0.004" /><testcase classname="tests.test_add" name="test_add_large_numbers" time="0.001" /><testcase classname="tests.test_add" name="test_add_basic" time="0.001" /><testcase classname="tests.test_divide" name="test_divide_by_zero" time="0.001" /><testcase classname="tests.test_subtract" name="test_subtract_negative" time="0.002" /></testsuite></testsuites>